C:/Users/DANNY/STM32CubeIDE/workspace_1.12.0/AVANCE_Tesis040425/Drivers/CMSIS/Include/core_cm4.h:1770:22:__NVIC_ClearPendingIRQ	16	static
../Applications/SD/audio_recorder.c:37:6:audio_recorder_init	528	static
../Applications/SD/audio_recorder.c:73:6:audio_recorder_start	4112	static
../Applications/SD/audio_recorder.c:164:6:audio_recorder_pause	8	static
../Applications/SD/audio_recorder.c:174:6:audio_recorder_resume	8	static
../Applications/SD/audio_recorder.c:185:6:audio_recorder_stop	528	static
../Applications/SD/audio_recorder.c:244:6:audio_recorder_process	24	static
../Applications/SD/audio_recorder.c:297:15:audio_recorder_get_state	4	static
../Applications/SD/audio_recorder.c:302:6:audio_recorder_get_stats	16	static
../Applications/SD/audio_recorder.c:310:6:DMA1_Channel1_IRQHandler	8	static
../Applications/SD/audio_recorder.c:349:14:obtener_fecha_hora	24	static
